[rohitswami.com/index.html]
[backblue.gif]
[fade.gif]
[index.html]
[rohitswami.com/assets/images/uploads/avatar/rohit.jpg]
[rohitswami.com/manifest.json]
[rohitswami.com/assets/images/uploads/avatar/favicon.png]
[rohitswami.com/assets/fonts/icomoon/style.css]
[rohitswami.com/assets/css/plugins.min.css]
[rohitswami.com/assets/css/style.min.css]
[rohitswami.com/assets/css/style.css]
[rohitswami.com/assets/js/vendor/modernizr-3.3.1.min.js]
[js.api.here.com/v3/3.1/mapsjs-core.js]
[js.api.here.com/v3/3.1/mapsjs-service.js]
[kit.fontawesome.com/fd391c5e44.js]
[rohitswami.com/assets/images/Rohit_Swami_Resume.pdf]
[rohitswami.com/cdn-cgi/l/email-protection.html]
[rohitswami.com/assets/images/company/ignite_sol.png]
[rohitswami.com/assets/images/company/ib.png]
[rohitswami.com/assets/images/company/upgrad.png]
[rohitswami.com/assets/images/company/mygov-logo.png]
[rohitswami.com/assets/images/company/mstclpu-logo.jpg]
[rohitswami.com/assets/images/education/udacity.png]
[rohitswami.com/assets/images/education/lpu-logo.png]
[rohitswami.com/assets/images/education/bsjd-logo.png]
[rohitswami.com/assets/images/education/infosys.jpg]
[rohitswami.com/assets/images/education/udemy.png]
[rohitswami.com/assets/images/education/rajasthan-government.png]
[rohitswami.com/assets/images/education/google.png]
[rohitswami.com/assets/images/projects/charityml.png]
[rohitswami.com/assets/images/projects/icp.jpg]
[rohitswami.com/assets/images/projects/pytorch.png]
[rohitswami.com/assets/images/projects/CCP.jpg]
[rohitswami.com/assets/images/projects/SO.png]
[rohitswami.com/assets/images/projects/segments.png]
[rohitswami.com/assets/images/projects/fe.png]
[rohitswami.com/assets/images/projects/ipl.png]
[rohitswami.com/assets/images/projects/pip.png]
[rohitswami.com/assets/images/projects/shortto.png]
[rohitswami.com/assets/images/projects/twitter-sentiment-analysis.jpg]
[rohitswami.com/assets/images/projects/hacktoberfest.jpg]
[rohitswami.com/assets/images/projects/data-analysis-1.png]
[rohitswami.com/assets/images/projects/smart-q-labs.jpg]
[rohitswami.com/assets/images/projects/data-analysis-2.png]
[rohitswami.com/assets/images/projects/skinledlight.png]
[rohitswami.com/assets/images/reference/shriom.jpg]
[rohitswami.com/assets/images/reference/DCD.webp]
[rohitswami.com/assets/images/reference/chrisperri.webp]
[rohitswami.com/assets/images/reference/tony.webp]
[rohitswami.com/assets/images/reference/lcodi.png]
[rohitswami.com/assets/images/qr/whatsapp-qr-code.png]
[rohitswami.com/assets/images/qr/skype-qr-code.png]
[rohitswami.com/index-2.html]
[rohitswami.com/cdn-cgi/scripts/5c5dd728/cloudflare-static/email-decode.min.js]
[rohitswami.com/sw.js]
[ajax.googleapis.com/ajax/libs/jquery/1.12.4/jquery.min.js]
[rohitswami.com/assets/js/vendor/jquery-1.12.4.min.js]
[rohitswami.com/assets/js/plugins.min.js]
[rohitswami.com/assets/js/theme.min.js]
[rohitswami.com/index.html]
[rohitswami.com/cdn-cgi/scripts/7d0fa10a/cloudflare-static/rocket-loader.min.js]
[rohitswami.com/assets/fonts/icomoon/fonts/icomoond3a2.ttf]
[rohitswami.com/assets/fonts/icomoon/fonts/icomoond3a2.woff]
[rohitswami.com/assets/fonts/icomoon/style.css]
[rohitswami.com/assets/css/plugins.min.css]
[rohitswami.com/assets/css/mCSB_buttons.png]
[rohitswami.com/assets/images/ajax-loader.gif]
[rohitswami.com/assets/css/style.min.css]
[rohitswami.com/assets/css/style.css]
[www.googletagmanager.com/gtm5445.html]
[rohitswami.com/cdn-cgi/l/email-protection.html]
[rohitswami.com/index-2.html]
[medium-widget.pixelpoint.io/widget.html]
[rohitswami.com/assets/css/mCSB_buttons.html]
[rohitswami.com/assets/images/ajax-loader.html]
